// Jest Snapshot v1, https://goo.gl/fbAQLP

exports[`StepIndicator snapshot 1`] = `
<View
  className="flex-row justify-center mt-6 space-x-2"
>
  <View
    className="w-3 h-3 rounded-full mx-1 bg-gray-500 opacity-50"
  />
  <View
    className="w-3 h-3 rounded-full mx-1 bg-gray-500 opacity-50"
  />
  <View
    className="w-3 h-3 rounded-full mx-1 bg-white"
  />
  <View
    className="w-3 h-3 rounded-full mx-1 bg-gray-500 opacity-50"
  />
  <View
    className="w-3 h-3 rounded-full mx-1 bg-gray-500 opacity-50"
  />
</View>
`;
